// Jest Snapshot v1, https://goo.gl/fbAQLP

exports[`the labels to known thats to include Snapshot the labels 1`] = `
Object {
  "NAMESPACE": "gqlProxy.namespace",
  "TOKEN": "gqlProxy.token",
  "URL": "gqlProxy.url",
}
`;
